../VoilierLibs/Inc/actionneurs.hpp:24:6:void safran_init()	8	static
../VoilierLibs/Inc/actionneurs.hpp:33:6:void setSafranAngle(float)	40	static
../VoilierLibs/Inc/actionneurs.hpp:55:13:void MX_TIM4_Init()	64	static
../Core/Src/main.cpp:67:5:int main()	8	static
../Core/Src/main.cpp:138:6:void SystemClock_Config()	88	static
../Core/Src/main.cpp:186:13:void MX_USART2_UART_Init()	8	static
../Core/Src/main.cpp:219:13:void MX_GPIO_Init()	48	static
../Core/Src/main.cpp:255:6:void Error_Handler()	4	static,ignoring_inline_asm
